------------------------------------------------------------
Timing Analyzer Summary
------------------------------------------------------------

Type  : Slow 1200mV 85C Model Setup 'clk'
Slack : -3.162
TNS   : -90.077

Type  : Slow 1200mV 85C Model Hold 'clk'
Slack : 0.444
TNS   : 0.000

Type  : Slow 1200mV 85C Model Minimum Pulse Width 'clk'
Slack : -3.201
TNS   : -55.499

Type  : Slow 1200mV 85C Model Minimum Pulse Width 'we'
Slack : -3.201
TNS   : -15.804

Type  : Slow 1200mV 0C Model Setup 'clk'
Slack : -2.831
TNS   : -80.790

Type  : Slow 1200mV 0C Model Hold 'clk'
Slack : 0.396
TNS   : 0.000

Type  : Slow 1200mV 0C Model Minimum Pulse Width 'clk'
Slack : -3.201
TNS   : -55.499

Type  : Slow 1200mV 0C Model Minimum Pulse Width 'we'
Slack : -3.201
TNS   : -15.804

Type  : Fast 1200mV 0C Model Setup 'clk'
Slack : -0.740
TNS   : -19.082

Type  : Fast 1200mV 0C Model Hold 'clk'
Slack : 0.165
TNS   : 0.000

Type  : Fast 1200mV 0C Model Minimum Pulse Width 'clk'
Slack : -3.000
TNS   : -38.394

Type  : Fast 1200mV 0C Model Minimum Pulse Width 'we'
Slack : -3.000
TNS   : -7.672

------------------------------------------------------------
